// Jest Snapshot v1, https://goo.gl/fbAQLP

exports[`should test countries container should match the snapshot 1`] = `
<div>
  <div
    class="sc-bdfBwQ dGMlxo"
  >
    <div
      class="sc-dlfnbm"
    >
      <div
        class="sc-hKgILt iKKPpc"
      >
        <select
          class="sc-eCssSg kmBXui"
        >
          <option
            value=""
          >
            Select city
          </option>
          <option
            value="Sydney"
          >
            Sydney
          </option>
          <option
            value="Melbourne"
          >
            Melbourne
          </option>
          <option
            value="Adelaide"
          >
            Adelaide
          </option>
          <option
            value="Perth"
          >
            Perth
          </option>
          <option
            value="Auckland"
          >
            Auckland
          </option>
          <option
            value="Christchurch"
          >
            Christchurch
          </option>
          <option
            value="Wellington"
          >
            Wellington
          </option>
        </select>
        <select
          class="sc-eCssSg kmBXui"
        >
          <option
            value=""
          >
            Select month
          </option>
          <option
            value="01"
          >
            01
          </option>
          <option
            value="02"
          >
            02
          </option>
          <option
            value="03"
          >
            03
          </option>
          <option
            value="04"
          >
            04
          </option>
          <option
            value="05"
          >
            05
          </option>
          <option
            value="06"
          >
            06
          </option>
          <option
            value="07"
          >
            07
          </option>
          <option
            value="08"
          >
            08
          </option>
          <option
            value="09"
          >
            09
          </option>
          <option
            value="10"
          >
            10
          </option>
          <option
            value="11"
          >
            11
          </option>
          <option
            value="12"
          >
            12
          </option>
        </select>
      </div>
      <div
        class="sc-gsTCUz jDJSDK"
      >
        <table
          class="sc-jSgupP fhZUik"
        >
          <thead
            class="sc-jrAGrp"
          >
            <tr
              class="sc-fubCfw fcgAGD"
            >
              <th
                class="sc-gKsewC lhzegC"
              >
                Country
              </th>
              <th
                class="sc-gKsewC lhzegC"
              >
                City
              </th>
              <th
                class="sc-gKsewC lhzegC"
              >
                Month
              </th>
              <th
                class="sc-gKsewC lhzegC"
              >
                Average Temp
              </th>
            </tr>
          </thead>
          <tbody
            class="sc-pFZIQ iZDExP"
          >
            <tr
              class="sc-fubCfw fcgAGD"
            >
              <td
                class="sc-iBPRYJ cegtNK"
              >
                Australia
              </td>
              <td
                class="sc-iBPRYJ cegtNK"
              >
                Sydney
              </td>
              <td
                class="sc-iBPRYJ cegtNK"
              >
                05
              </td>
              <td
                class="sc-iBPRYJ cegtNK"
              >
                19.00
              </td>
            </tr>
            <tr
              class="sc-fubCfw fcgAGD"
            >
              <td
                class="sc-iBPRYJ cegtNK"
              >
                Australia
              </td>
              <td
                class="sc-iBPRYJ cegtNK"
              >
                Sydney
              </td>
              <td
                class="sc-iBPRYJ cegtNK"
              >
                04
              </td>
              <td
                class="sc-iBPRYJ cegtNK"
              >
                22
              </td>
            </tr>
            <tr
              class="sc-fubCfw fcgAGD"
            >
              <td
                class="sc-iBPRYJ cegtNK"
              >
                Australia
              </td>
              <td
                class="sc-iBPRYJ cegtNK"
              >
                Sydney
              </td>
              <td
                class="sc-iBPRYJ cegtNK"
              >
                06
              </td>
              <td
                class="sc-iBPRYJ cegtNK"
              >
                12.00
              </td>
            </tr>
            <tr
              class="sc-fubCfw fcgAGD"
            >
              <td
                class="sc-iBPRYJ cegtNK"
              >
                Australia
              </td>
              <td
                class="sc-iBPRYJ cegtNK"
              >
                Sydney
              </td>
              <td
                class="sc-iBPRYJ cegtNK"
              >
                07
              </td>
              <td
                class="sc-iBPRYJ cegtNK"
              >
                19
              </td>
            </tr>
            <tr
              class="sc-fubCfw fcgAGD"
            >
              <td
                class="sc-iBPRYJ cegtNK"
              >
                Australia
              </td>
              <td
                class="sc-iBPRYJ cegtNK"
              >
                Melbourne
              </td>
              <td
                class="sc-iBPRYJ cegtNK"
              >
                05
              </td>
              <td
                class="sc-iBPRYJ cegtNK"
              >
                12.00
              </td>
            </tr>
            <tr
              class="sc-fubCfw fcgAGD"
            >
              <td
                class="sc-iBPRYJ cegtNK"
              >
                Australia
              </td>
              <td
                class="sc-iBPRYJ cegtNK"
              >
                Melbourne
              </td>
              <td
                class="sc-iBPRYJ cegtNK"
              >
                06
              </td>
              <td
                class="sc-iBPRYJ cegtNK"
              >
                6.00
              </td>
            </tr>
            <tr
              class="sc-fubCfw fcgAGD"
            >
              <td
                class="sc-iBPRYJ cegtNK"
              >
                Australia
              </td>
              <td
                class="sc-iBPRYJ cegtNK"
              >
                Melbourne
              </td>
              <td
                class="sc-iBPRYJ cegtNK"
              >
                07
              </td>
              <td
                class="sc-iBPRYJ cegtNK"
              >
                15.00
              </td>
            </tr>
            <tr
              class="sc-fubCfw fcgAGD"
            >
              <td
                class="sc-iBPRYJ cegtNK"
              >
                Australia
              </td>
              <td
                class="sc-iBPRYJ cegtNK"
              >
                Melbourne
              </td>
              <td
                class="sc-iBPRYJ cegtNK"
              >
                04
              </td>
              <td
                class="sc-iBPRYJ cegtNK"
              >
                14
              </td>
            </tr>
            <tr
              class="sc-fubCfw fcgAGD"
            >
              <td
                class="sc-iBPRYJ cegtNK"
              >
                Australia
              </td>
              <td
                class="sc-iBPRYJ cegtNK"
              >
                Adelaide
              </td>
              <td
                class="sc-iBPRYJ cegtNK"
              >
                05
              </td>
              <td
                class="sc-iBPRYJ cegtNK"
              >
                28.00
              </td>
            </tr>
            <tr
              class="sc-fubCfw fcgAGD"
            >
              <td
                class="sc-iBPRYJ cegtNK"
              >
                Australia
              </td>
              <td
                class="sc-iBPRYJ cegtNK"
              >
                Perth
              </td>
              <td
                class="sc-iBPRYJ cegtNK"
              >
                06
              </td>
              <td
                class="sc-iBPRYJ cegtNK"
              >
                23.00
              </td>
            </tr>
            <tr
              class="sc-fubCfw fcgAGD"
            >
              <td
                class="sc-iBPRYJ cegtNK"
              >
                Australia
              </td>
              <td
                class="sc-iBPRYJ cegtNK"
              >
                Perth
              </td>
              <td
                class="sc-iBPRYJ cegtNK"
              >
                03
              </td>
              <td
                class="sc-iBPRYJ cegtNK"
              >
                30.00
              </td>
            </tr>
            <tr
              class="sc-fubCfw fcgAGD"
            >
              <td
                class="sc-iBPRYJ cegtNK"
              >
                New Zealand
              </td>
              <td
                class="sc-iBPRYJ cegtNK"
              >
                Auckland
              </td>
              <td
                class="sc-iBPRYJ cegtNK"
              >
                06
              </td>
              <td
                class="sc-iBPRYJ cegtNK"
              >
                16.00
              </td>
            </tr>
            <tr
              class="sc-fubCfw fcgAGD"
            >
              <td
                class="sc-iBPRYJ cegtNK"
              >
                New Zealand
              </td>
              <td
                class="sc-iBPRYJ cegtNK"
              >
                Auckland
              </td>
              <td
                class="sc-iBPRYJ cegtNK"
              >
                05
              </td>
              <td
                class="sc-iBPRYJ cegtNK"
              >
                25.00
              </td>
            </tr>
            <tr
              class="sc-fubCfw fcgAGD"
            >
              <td
                class="sc-iBPRYJ cegtNK"
              >
                New Zealand
              </td>
              <td
                class="sc-iBPRYJ cegtNK"
              >
                Auckland
              </td>
              <td
                class="sc-iBPRYJ cegtNK"
              >
                07
              </td>
              <td
                class="sc-iBPRYJ cegtNK"
              >
                2
              </td>
            </tr>
            <tr
              class="sc-fubCfw fcgAGD"
            >
              <td
                class="sc-iBPRYJ cegtNK"
              >
                New Zealand
              </td>
              <td
                class="sc-iBPRYJ cegtNK"
              >
                Auckland
              </td>
              <td
                class="sc-iBPRYJ cegtNK"
              >
                04
              </td>
              <td
                class="sc-iBPRYJ cegtNK"
              >
                26.00
              </td>
            </tr>
            <tr
              class="sc-fubCfw fcgAGD"
            >
              <td
                class="sc-iBPRYJ cegtNK"
              >
                New Zealand
              </td>
              <td
                class="sc-iBPRYJ cegtNK"
              >
                Christchurch
              </td>
              <td
                class="sc-iBPRYJ cegtNK"
              >
                06
              </td>
              <td
                class="sc-iBPRYJ cegtNK"
              >
                5.00
              </td>
            </tr>
            <tr
              class="sc-fubCfw fcgAGD"
            >
              <td
                class="sc-iBPRYJ cegtNK"
              >
                New Zealand
              </td>
              <td
                class="sc-iBPRYJ cegtNK"
              >
                Christchurch
              </td>
              <td
                class="sc-iBPRYJ cegtNK"
              >
                05
              </td>
              <td
                class="sc-iBPRYJ cegtNK"
              >
                19.00
              </td>
            </tr>
            <tr
              class="sc-fubCfw fcgAGD"
            >
              <td
                class="sc-iBPRYJ cegtNK"
              >
                New Zealand
              </td>
              <td
                class="sc-iBPRYJ cegtNK"
              >
                Christchurch
              </td>
              <td
                class="sc-iBPRYJ cegtNK"
              >
                04
              </td>
              <td
                class="sc-iBPRYJ cegtNK"
              >
                22
              </td>
            </tr>
            <tr
              class="sc-fubCfw fcgAGD"
            >
              <td
                class="sc-iBPRYJ cegtNK"
              >
                New Zealand
              </td>
              <td
                class="sc-iBPRYJ cegtNK"
              >
                Wellington
              </td>
              <td
                class="sc-iBPRYJ cegtNK"
              >
                05
              </td>
              <td
                class="sc-iBPRYJ cegtNK"
              >
                13.00
              </td>
            </tr>
            <tr
              class="sc-fubCfw fcgAGD"
            >
              <td
                class="sc-iBPRYJ cegtNK"
              >
                New Zealand
              </td>
              <td
                class="sc-iBPRYJ cegtNK"
              >
                Wellington
              </td>
              <td
                class="sc-iBPRYJ cegtNK"
              >
                06
              </td>
              <td
                class="sc-iBPRYJ cegtNK"
              >
                0.00
              </td>
            </tr>
            <tr
              class="sc-fubCfw fcgAGD"
            >
              <td
                class="sc-iBPRYJ cegtNK"
              >
                New Zealand
              </td>
              <td
                class="sc-iBPRYJ cegtNK"
              >
                Queenstown
              </td>
              <td
                class="sc-iBPRYJ cegtNK"
              >
                05
              </td>
              <td
                class="sc-iBPRYJ cegtNK"
              >
                25
              </td>
            </tr>
            <tr
              class="sc-fubCfw fcgAGD"
            >
              <td
                class="sc-iBPRYJ cegtNK"
              >
                New Zealand
              </td>
              <td
                class="sc-iBPRYJ cegtNK"
              >
                Queenstown
              </td>
              <td
                class="sc-iBPRYJ cegtNK"
              >
                06
              </td>
              <td
                class="sc-iBPRYJ cegtNK"
              >
                3.00
              </td>
            </tr>
          </tbody>
        </table>
      </div>
    </div>
    <div
      class="sc-dlfnbm"
    >
      <div
        class="sc-hKgILt iKKPpc"
      >
        <select
          class="sc-eCssSg kmBXui"
        >
          <option
            value=""
          >
            Select Sorting Order
          </option>
          <option
            value="asc"
          >
            Asc
          </option>
          <option
            value="desc"
          >
            Desc
          </option>
        </select>
      </div>
      <div
        class="sc-gsTCUz jDJSDK"
      >
        <table
          class="sc-jSgupP fhZUik"
        >
          <thead
            class="sc-jrAGrp"
          >
            <tr
              class="sc-fubCfw fcgAGD"
            >
              <th
                class="sc-gKsewC lhzegC"
              >
                Country
              </th>
              <th
                class="sc-gKsewC lhzegC"
              >
                City
              </th>
              <th
                class="sc-gKsewC lhzegC"
              >
                Month
              </th>
              <th
                class="sc-gKsewC lhzegC"
              >
                Year
              </th>
              <th
                class="sc-gKsewC lhzegC"
              >
                Temp
              </th>
            </tr>
          </thead>
          <tbody
            class="sc-pFZIQ iZDExP"
          >
            <tr
              class="sc-fubCfw fcgAGD"
            >
              <td
                class="sc-iBPRYJ cegtNK"
              >
                Australia
              </td>
              <td
                class="sc-iBPRYJ cegtNK"
              >
                Sydney
              </td>
              <td
                class="sc-iBPRYJ cegtNK"
              >
                05
              </td>
              <td
                class="sc-iBPRYJ cegtNK"
              >
                2015
              </td>
              <td
                class="sc-iBPRYJ cegtNK"
              >
                18
              </td>
            </tr>
            <tr
              class="sc-fubCfw fcgAGD"
            >
              <td
                class="sc-iBPRYJ cegtNK"
              >
                Australia
              </td>
              <td
                class="sc-iBPRYJ cegtNK"
              >
                Sydney
              </td>
              <td
                class="sc-iBPRYJ cegtNK"
              >
                04
              </td>
              <td
                class="sc-iBPRYJ cegtNK"
              >
                2015
              </td>
              <td
                class="sc-iBPRYJ cegtNK"
              >
                22
              </td>
            </tr>
            <tr
              class="sc-fubCfw fcgAGD"
            >
              <td
                class="sc-iBPRYJ cegtNK"
              >
                Australia
              </td>
              <td
                class="sc-iBPRYJ cegtNK"
              >
                Sydney
              </td>
              <td
                class="sc-iBPRYJ cegtNK"
              >
                06
              </td>
              <td
                class="sc-iBPRYJ cegtNK"
              >
                2016
              </td>
              <td
                class="sc-iBPRYJ cegtNK"
              >
                15
              </td>
            </tr>
            <tr
              class="sc-fubCfw fcgAGD"
            >
              <td
                class="sc-iBPRYJ cegtNK"
              >
                Australia
              </td>
              <td
                class="sc-iBPRYJ cegtNK"
              >
                Sydney
              </td>
              <td
                class="sc-iBPRYJ cegtNK"
              >
                05
              </td>
              <td
                class="sc-iBPRYJ cegtNK"
              >
                2015
              </td>
              <td
                class="sc-iBPRYJ cegtNK"
              >
                19
              </td>
            </tr>
            <tr
              class="sc-fubCfw fcgAGD"
            >
              <td
                class="sc-iBPRYJ cegtNK"
              >
                Australia
              </td>
              <td
                class="sc-iBPRYJ cegtNK"
              >
                Sydney
              </td>
              <td
                class="sc-iBPRYJ cegtNK"
              >
                05
              </td>
              <td
                class="sc-iBPRYJ cegtNK"
              >
                2015
              </td>
              <td
                class="sc-iBPRYJ cegtNK"
              >
                20
              </td>
            </tr>
            <tr
              class="sc-fubCfw fcgAGD"
            >
              <td
                class="sc-iBPRYJ cegtNK"
              >
                Australia
              </td>
              <td
                class="sc-iBPRYJ cegtNK"
              >
                Sydney
              </td>
              <td
                class="sc-iBPRYJ cegtNK"
              >
                06
              </td>
              <td
                class="sc-iBPRYJ cegtNK"
              >
                2016
              </td>
              <td
                class="sc-iBPRYJ cegtNK"
              >
                12
              </td>
            </tr>
            <tr
              class="sc-fubCfw fcgAGD"
            >
              <td
                class="sc-iBPRYJ cegtNK"
              >
                Australia
              </td>
              <td
                class="sc-iBPRYJ cegtNK"
              >
                Sydney
              </td>
              <td
                class="sc-iBPRYJ cegtNK"
              >
                06
              </td>
              <td
                class="sc-iBPRYJ cegtNK"
              >
                2015
              </td>
              <td
                class="sc-iBPRYJ cegtNK"
              >
                10
              </td>
            </tr>
            <tr
              class="sc-fubCfw fcgAGD"
            >
              <td
                class="sc-iBPRYJ cegtNK"
              >
                Australia
              </td>
              <td
                class="sc-iBPRYJ cegtNK"
              >
                Sydney
              </td>
              <td
                class="sc-iBPRYJ cegtNK"
              >
                05
              </td>
              <td
                class="sc-iBPRYJ cegtNK"
              >
                2016
              </td>
              <td
                class="sc-iBPRYJ cegtNK"
              >
                19
              </td>
            </tr>
            <tr
              class="sc-fubCfw fcgAGD"
            >
              <td
                class="sc-iBPRYJ cegtNK"
              >
                Australia
              </td>
              <td
                class="sc-iBPRYJ cegtNK"
              >
                Sydney
              </td>
              <td
                class="sc-iBPRYJ cegtNK"
              >
                05
              </td>
              <td
                class="sc-iBPRYJ cegtNK"
              >
                2015
              </td>
              <td
                class="sc-iBPRYJ cegtNK"
              >
                20
              </td>
            </tr>
            <tr
              class="sc-fubCfw fcgAGD"
            >
              <td
                class="sc-iBPRYJ cegtNK"
              >
                Australia
              </td>
              <td
                class="sc-iBPRYJ cegtNK"
              >
                Sydney
              </td>
              <td
                class="sc-iBPRYJ cegtNK"
              >
                05
              </td>
              <td
                class="sc-iBPRYJ cegtNK"
              >
                2016
              </td>
              <td
                class="sc-iBPRYJ cegtNK"
              >
                21
              </td>
            </tr>
            <tr
              class="sc-fubCfw fcgAGD"
            >
              <td
                class="sc-iBPRYJ cegtNK"
              >
                Australia
              </td>
              <td
                class="sc-iBPRYJ cegtNK"
              >
                Sydney
              </td>
              <td
                class="sc-iBPRYJ cegtNK"
              >
                05
              </td>
              <td
                class="sc-iBPRYJ cegtNK"
              >
                2015
              </td>
              <td
                class="sc-iBPRYJ cegtNK"
              >
                22
              </td>
            </tr>
            <tr
              class="sc-fubCfw fcgAGD"
            >
              <td
                class="sc-iBPRYJ cegtNK"
              >
                Australia
              </td>
              <td
                class="sc-iBPRYJ cegtNK"
              >
                Sydney
              </td>
              <td
                class="sc-iBPRYJ cegtNK"
              >
                07
              </td>
              <td
                class="sc-iBPRYJ cegtNK"
              >
                2016
              </td>
              <td
                class="sc-iBPRYJ cegtNK"
              >
                19
              </td>
            </tr>
            <tr
              class="sc-fubCfw fcgAGD"
            >
              <td
                class="sc-iBPRYJ cegtNK"
              >
                Australia
              </td>
              <td
                class="sc-iBPRYJ cegtNK"
              >
                Melbourne
              </td>
              <td
                class="sc-iBPRYJ cegtNK"
              >
                05
              </td>
              <td
                class="sc-iBPRYJ cegtNK"
              >
                2015
              </td>
              <td
                class="sc-iBPRYJ cegtNK"
              >
                10
              </td>
            </tr>
            <tr
              class="sc-fubCfw fcgAGD"
            >
              <td
                class="sc-iBPRYJ cegtNK"
              >
                Australia
              </td>
              <td
                class="sc-iBPRYJ cegtNK"
              >
                Melbourne
              </td>
              <td
                class="sc-iBPRYJ cegtNK"
              >
                05
              </td>
              <td
                class="sc-iBPRYJ cegtNK"
              >
                2016
              </td>
              <td
                class="sc-iBPRYJ cegtNK"
              >
                12
              </td>
            </tr>
            <tr
              class="sc-fubCfw fcgAGD"
            >
              <td
                class="sc-iBPRYJ cegtNK"
              >
                Australia
              </td>
              <td
                class="sc-iBPRYJ cegtNK"
              >
                Melbourne
              </td>
              <td
                class="sc-iBPRYJ cegtNK"
              >
                05
              </td>
              <td
                class="sc-iBPRYJ cegtNK"
              >
                2015
              </td>
              <td
                class="sc-iBPRYJ cegtNK"
              >
                11
              </td>
            </tr>
            <tr
              class="sc-fubCfw fcgAGD"
            >
              <td
                class="sc-iBPRYJ cegtNK"
              >
                Australia
              </td>
              <td
                class="sc-iBPRYJ cegtNK"
              >
                Melbourne
              </td>
              <td
                class="sc-iBPRYJ cegtNK"
              >
                06
              </td>
              <td
                class="sc-iBPRYJ cegtNK"
              >
                2015
              </td>
              <td
                class="sc-iBPRYJ cegtNK"
              >
                5
              </td>
            </tr>
            <tr
              class="sc-fubCfw fcgAGD"
            >
              <td
                class="sc-iBPRYJ cegtNK"
              >
                Australia
              </td>
              <td
                class="sc-iBPRYJ cegtNK"
              >
                Melbourne
              </td>
              <td
                class="sc-iBPRYJ cegtNK"
              >
                07
              </td>
              <td
                class="sc-iBPRYJ cegtNK"
              >
                2016
              </td>
              <td
                class="sc-iBPRYJ cegtNK"
              >
                11
              </td>
            </tr>
            <tr
              class="sc-fubCfw fcgAGD"
            >
              <td
                class="sc-iBPRYJ cegtNK"
              >
                Australia
              </td>
              <td
                class="sc-iBPRYJ cegtNK"
              >
                Melbourne
              </td>
              <td
                class="sc-iBPRYJ cegtNK"
              >
                05
              </td>
              <td
                class="sc-iBPRYJ cegtNK"
              >
                2016
              </td>
              <td
                class="sc-iBPRYJ cegtNK"
              >
                14
              </td>
            </tr>
            <tr
              class="sc-fubCfw fcgAGD"
            >
              <td
                class="sc-iBPRYJ cegtNK"
              >
                Australia
              </td>
              <td
                class="sc-iBPRYJ cegtNK"
              >
                Melbourne
              </td>
              <td
                class="sc-iBPRYJ cegtNK"
              >
                05
              </td>
              <td
                class="sc-iBPRYJ cegtNK"
              >
                2016
              </td>
              <td
                class="sc-iBPRYJ cegtNK"
              >
                13
              </td>
            </tr>
            <tr
              class="sc-fubCfw fcgAGD"
            >
              <td
                class="sc-iBPRYJ cegtNK"
              >
                Australia
              </td>
              <td
                class="sc-iBPRYJ cegtNK"
              >
                Melbourne
              </td>
              <td
                class="sc-iBPRYJ cegtNK"
              >
                06
              </td>
              <td
                class="sc-iBPRYJ cegtNK"
              >
                2015
              </td>
              <td
                class="sc-iBPRYJ cegtNK"
              >
                9
              </td>
            </tr>
            <tr
              class="sc-fubCfw fcgAGD"
            >
              <td
                class="sc-iBPRYJ cegtNK"
              >
                Australia
              </td>
              <td
                class="sc-iBPRYJ cegtNK"
              >
                Melbourne
              </td>
              <td
                class="sc-iBPRYJ cegtNK"
              >
                05
              </td>
              <td
                class="sc-iBPRYJ cegtNK"
              >
                2015
              </td>
              <td
                class="sc-iBPRYJ cegtNK"
              >
                14
              </td>
            </tr>
            <tr
              class="sc-fubCfw fcgAGD"
            >
              <td
                class="sc-iBPRYJ cegtNK"
              >
                Australia
              </td>
              <td
                class="sc-iBPRYJ cegtNK"
              >
                Melbourne
              </td>
              <td
                class="sc-iBPRYJ cegtNK"
              >
                06
              </td>
              <td
                class="sc-iBPRYJ cegtNK"
              >
                2016
              </td>
              <td
                class="sc-iBPRYJ cegtNK"
              >
                5
              </td>
            </tr>
            <tr
              class="sc-fubCfw fcgAGD"
            >
              <td
                class="sc-iBPRYJ cegtNK"
              >
                Australia
              </td>
              <td
                class="sc-iBPRYJ cegtNK"
              >
                Melbourne
              </td>
              <td
                class="sc-iBPRYJ cegtNK"
              >
                07
              </td>
              <td
                class="sc-iBPRYJ cegtNK"
              >
                2015
              </td>
              <td
                class="sc-iBPRYJ cegtNK"
              >
                19
              </td>
            </tr>
            <tr
              class="sc-fubCfw fcgAGD"
            >
              <td
                class="sc-iBPRYJ cegtNK"
              >
                Australia
              </td>
              <td
                class="sc-iBPRYJ cegtNK"
              >
                Melbourne
              </td>
              <td
                class="sc-iBPRYJ cegtNK"
              >
                06
              </td>
              <td
                class="sc-iBPRYJ cegtNK"
              >
                2016
              </td>
              <td
                class="sc-iBPRYJ cegtNK"
              >
                7
              </td>
            </tr>
            <tr
              class="sc-fubCfw fcgAGD"
            >
              <td
                class="sc-iBPRYJ cegtNK"
              >
                Australia
              </td>
              <td
                class="sc-iBPRYJ cegtNK"
              >
                Melbourne
              </td>
              <td
                class="sc-iBPRYJ cegtNK"
              >
                04
              </td>
              <td
                class="sc-iBPRYJ cegtNK"
              >
                2015
              </td>
              <td
                class="sc-iBPRYJ cegtNK"
              >
                14
              </td>
            </tr>
            <tr
              class="sc-fubCfw fcgAGD"
            >
              <td
                class="sc-iBPRYJ cegtNK"
              >
                Australia
              </td>
              <td
                class="sc-iBPRYJ cegtNK"
              >
                Adelaide
              </td>
              <td
                class="sc-iBPRYJ cegtNK"
              >
                05
              </td>
              <td
                class="sc-iBPRYJ cegtNK"
              >
                2015
              </td>
              <td
                class="sc-iBPRYJ cegtNK"
              >
                25
              </td>
            </tr>
            <tr
              class="sc-fubCfw fcgAGD"
            >
              <td
                class="sc-iBPRYJ cegtNK"
              >
                Australia
              </td>
              <td
                class="sc-iBPRYJ cegtNK"
              >
                Adelaide
              </td>
              <td
                class="sc-iBPRYJ cegtNK"
              >
                05
              </td>
              <td
                class="sc-iBPRYJ cegtNK"
              >
                2016
              </td>
              <td
                class="sc-iBPRYJ cegtNK"
              >
                35
              </td>
            </tr>
            <tr
              class="sc-fubCfw fcgAGD"
            >
              <td
                class="sc-iBPRYJ cegtNK"
              >
                Australia
              </td>
              <td
                class="sc-iBPRYJ cegtNK"
              >
                Adelaide
              </td>
              <td
                class="sc-iBPRYJ cegtNK"
              >
                05
              </td>
              <td
                class="sc-iBPRYJ cegtNK"
              >
                2016
              </td>
              <td
                class="sc-iBPRYJ cegtNK"
              >
                20
              </td>
            </tr>
            <tr
              class="sc-fubCfw fcgAGD"
            >
              <td
                class="sc-iBPRYJ cegtNK"
              >
                Australia
              </td>
              <td
                class="sc-iBPRYJ cegtNK"
              >
                Adelaide
              </td>
              <td
                class="sc-iBPRYJ cegtNK"
              >
                05
              </td>
              <td
                class="sc-iBPRYJ cegtNK"
              >
                2016
              </td>
              <td
                class="sc-iBPRYJ cegtNK"
              >
                30
              </td>
            </tr>
            <tr
              class="sc-fubCfw fcgAGD"
            >
              <td
                class="sc-iBPRYJ cegtNK"
              >
                Australia
              </td>
              <td
                class="sc-iBPRYJ cegtNK"
              >
                Adelaide
              </td>
              <td
                class="sc-iBPRYJ cegtNK"
              >
                05
              </td>
              <td
                class="sc-iBPRYJ cegtNK"
              >
                2016
              </td>
              <td
                class="sc-iBPRYJ cegtNK"
              >
                28
              </td>
            </tr>
            <tr
              class="sc-fubCfw fcgAGD"
            >
              <td
                class="sc-iBPRYJ cegtNK"
              >
                Australia
              </td>
              <td
                class="sc-iBPRYJ cegtNK"
              >
                Adelaide
              </td>
              <td
                class="sc-iBPRYJ cegtNK"
              >
                05
              </td>
              <td
                class="sc-iBPRYJ cegtNK"
              >
                2015
              </td>
              <td
                class="sc-iBPRYJ cegtNK"
              >
                38
              </td>
            </tr>
            <tr
              class="sc-fubCfw fcgAGD"
            >
              <td
                class="sc-iBPRYJ cegtNK"
              >
                Australia
              </td>
              <td
                class="sc-iBPRYJ cegtNK"
              >
                Adelaide
              </td>
              <td
                class="sc-iBPRYJ cegtNK"
              >
                05
              </td>
              <td
                class="sc-iBPRYJ cegtNK"
              >
                2015
              </td>
              <td
                class="sc-iBPRYJ cegtNK"
              >
                29
              </td>
            </tr>
            <tr
              class="sc-fubCfw fcgAGD"
            >
              <td
                class="sc-iBPRYJ cegtNK"
              >
                Australia
              </td>
              <td
                class="sc-iBPRYJ cegtNK"
              >
                Adelaide
              </td>
              <td
                class="sc-iBPRYJ cegtNK"
              >
                05
              </td>
              <td
                class="sc-iBPRYJ cegtNK"
              >
                2015
              </td>
              <td
                class="sc-iBPRYJ cegtNK"
              >
                25
              </td>
            </tr>
            <tr
              class="sc-fubCfw fcgAGD"
            >
              <td
                class="sc-iBPRYJ cegtNK"
              >
                Australia
              </td>
              <td
                class="sc-iBPRYJ cegtNK"
              >
                Perth
              </td>
              <td
                class="sc-iBPRYJ cegtNK"
              >
                06
              </td>
              <td
                class="sc-iBPRYJ cegtNK"
              >
                2016
              </td>
              <td
                class="sc-iBPRYJ cegtNK"
              >
                14
              </td>
            </tr>
            <tr
              class="sc-fubCfw fcgAGD"
            >
              <td
                class="sc-iBPRYJ cegtNK"
              >
                Australia
              </td>
              <td
                class="sc-iBPRYJ cegtNK"
              >
                Perth
              </td>
              <td
                class="sc-iBPRYJ cegtNK"
              >
                06
              </td>
              <td
                class="sc-iBPRYJ cegtNK"
              >
                2015
              </td>
              <td
                class="sc-iBPRYJ cegtNK"
              >
                28
              </td>
            </tr>
            <tr
              class="sc-fubCfw fcgAGD"
            >
              <td
                class="sc-iBPRYJ cegtNK"
              >
                Australia
              </td>
              <td
                class="sc-iBPRYJ cegtNK"
              >
                Perth
              </td>
              <td
                class="sc-iBPRYJ cegtNK"
              >
                03
              </td>
              <td
                class="sc-iBPRYJ cegtNK"
              >
                2015
              </td>
              <td
                class="sc-iBPRYJ cegtNK"
              >
                32
              </td>
            </tr>
            <tr
              class="sc-fubCfw fcgAGD"
            >
              <td
                class="sc-iBPRYJ cegtNK"
              >
                Australia
              </td>
              <td
                class="sc-iBPRYJ cegtNK"
              >
                Perth
              </td>
              <td
                class="sc-iBPRYJ cegtNK"
              >
                06
              </td>
              <td
                class="sc-iBPRYJ cegtNK"
              >
                2016
              </td>
              <td
                class="sc-iBPRYJ cegtNK"
              >
                25
              </td>
            </tr>
            <tr
              class="sc-fubCfw fcgAGD"
            >
              <td
                class="sc-iBPRYJ cegtNK"
              >
                Australia
              </td>
              <td
                class="sc-iBPRYJ cegtNK"
              >
                Perth
              </td>
              <td
                class="sc-iBPRYJ cegtNK"
              >
                06
              </td>
              <td
                class="sc-iBPRYJ cegtNK"
              >
                2015
              </td>
              <td
                class="sc-iBPRYJ cegtNK"
              >
                25
              </td>
            </tr>
            <tr
              class="sc-fubCfw fcgAGD"
            >
              <td
                class="sc-iBPRYJ cegtNK"
              >
                Australia
              </td>
              <td
                class="sc-iBPRYJ cegtNK"
              >
                Perth
              </td>
              <td
                class="sc-iBPRYJ cegtNK"
              >
                03
              </td>
              <td
                class="sc-iBPRYJ cegtNK"
              >
                2016
              </td>
              <td
                class="sc-iBPRYJ cegtNK"
              >
                23
              </td>
            </tr>
            <tr
              class="sc-fubCfw fcgAGD"
            >
              <td
                class="sc-iBPRYJ cegtNK"
              >
                Australia
              </td>
              <td
                class="sc-iBPRYJ cegtNK"
              >
                Perth
              </td>
              <td
                class="sc-iBPRYJ cegtNK"
              >
                03
              </td>
              <td
                class="sc-iBPRYJ cegtNK"
              >
                2015
              </td>
              <td
                class="sc-iBPRYJ cegtNK"
              >
                35
              </td>
            </tr>
            <tr
              class="sc-fubCfw fcgAGD"
            >
              <td
                class="sc-iBPRYJ cegtNK"
              >
                New Zealand
              </td>
              <td
                class="sc-iBPRYJ cegtNK"
              >
                Auckland
              </td>
              <td
                class="sc-iBPRYJ cegtNK"
              >
                06
              </td>
              <td
                class="sc-iBPRYJ cegtNK"
              >
                2016
              </td>
              <td
                class="sc-iBPRYJ cegtNK"
              >
                13
              </td>
            </tr>
            <tr
              class="sc-fubCfw fcgAGD"
            >
              <td
                class="sc-iBPRYJ cegtNK"
              >
                New Zealand
              </td>
              <td
                class="sc-iBPRYJ cegtNK"
              >
                Auckland
              </td>
              <td
                class="sc-iBPRYJ cegtNK"
              >
                05
              </td>
              <td
                class="sc-iBPRYJ cegtNK"
              >
                2016
              </td>
              <td
                class="sc-iBPRYJ cegtNK"
              >
                25
              </td>
            </tr>
            <tr
              class="sc-fubCfw fcgAGD"
            >
              <td
                class="sc-iBPRYJ cegtNK"
              >
                New Zealand
              </td>
              <td
                class="sc-iBPRYJ cegtNK"
              >
                Auckland
              </td>
              <td
                class="sc-iBPRYJ cegtNK"
              >
                06
              </td>
              <td
                class="sc-iBPRYJ cegtNK"
              >
                2015
              </td>
              <td
                class="sc-iBPRYJ cegtNK"
              >
                14
              </td>
            </tr>
            <tr
              class="sc-fubCfw fcgAGD"
            >
              <td
                class="sc-iBPRYJ cegtNK"
              >
                New Zealand
              </td>
              <td
                class="sc-iBPRYJ cegtNK"
              >
                Auckland
              </td>
              <td
                class="sc-iBPRYJ cegtNK"
              >
                07
              </td>
              <td
                class="sc-iBPRYJ cegtNK"
              >
                2015
              </td>
              <td
                class="sc-iBPRYJ cegtNK"
              >
                2
              </td>
            </tr>
            <tr
              class="sc-fubCfw fcgAGD"
            >
              <td
                class="sc-iBPRYJ cegtNK"
              >
                New Zealand
              </td>
              <td
                class="sc-iBPRYJ cegtNK"
              >
                Auckland
              </td>
              <td
                class="sc-iBPRYJ cegtNK"
              >
                04
              </td>
              <td
                class="sc-iBPRYJ cegtNK"
              >
                2016
              </td>
              <td
                class="sc-iBPRYJ cegtNK"
              >
                27
              </td>
            </tr>
            <tr
              class="sc-fubCfw fcgAGD"
            >
              <td
                class="sc-iBPRYJ cegtNK"
              >
                New Zealand
              </td>
              <td
                class="sc-iBPRYJ cegtNK"
              >
                Auckland
              </td>
              <td
                class="sc-iBPRYJ cegtNK"
              >
                05
              </td>
              <td
                class="sc-iBPRYJ cegtNK"
              >
                2015
              </td>
              <td
                class="sc-iBPRYJ cegtNK"
              >
                29
              </td>
            </tr>
            <tr
              class="sc-fubCfw fcgAGD"
            >
              <td
                class="sc-iBPRYJ cegtNK"
              >
                New Zealand
              </td>
              <td
                class="sc-iBPRYJ cegtNK"
              >
                Auckland
              </td>
              <td
                class="sc-iBPRYJ cegtNK"
              >
                06
              </td>
              <td
                class="sc-iBPRYJ cegtNK"
              >
                2016
              </td>
              <td
                class="sc-iBPRYJ cegtNK"
              >
                18
              </td>
            </tr>
            <tr
              class="sc-fubCfw fcgAGD"
            >
              <td
                class="sc-iBPRYJ cegtNK"
              >
                New Zealand
              </td>
              <td
                class="sc-iBPRYJ cegtNK"
              >
                Auckland
              </td>
              <td
                class="sc-iBPRYJ cegtNK"
              >
                06
              </td>
              <td
                class="sc-iBPRYJ cegtNK"
              >
                2015
              </td>
              <td
                class="sc-iBPRYJ cegtNK"
              >
                19
              </td>
            </tr>
            <tr
              class="sc-fubCfw fcgAGD"
            >
              <td
                class="sc-iBPRYJ cegtNK"
              >
                New Zealand
              </td>
              <td
                class="sc-iBPRYJ cegtNK"
              >
                Auckland
              </td>
              <td
                class="sc-iBPRYJ cegtNK"
              >
                04
              </td>
              <td
                class="sc-iBPRYJ cegtNK"
              >
                2016
              </td>
              <td
                class="sc-iBPRYJ cegtNK"
              >
                26
              </td>
            </tr>
            <tr
              class="sc-fubCfw fcgAGD"
            >
              <td
                class="sc-iBPRYJ cegtNK"
              >
                New Zealand
              </td>
              <td
                class="sc-iBPRYJ cegtNK"
              >
                Auckland
              </td>
              <td
                class="sc-iBPRYJ cegtNK"
              >
                05
              </td>
              <td
                class="sc-iBPRYJ cegtNK"
              >
                2015
              </td>
              <td
                class="sc-iBPRYJ cegtNK"
              >
                23
              </td>
            </tr>
            <tr
              class="sc-fubCfw fcgAGD"
            >
              <td
                class="sc-iBPRYJ cegtNK"
              >
                New Zealand
              </td>
              <td
                class="sc-iBPRYJ cegtNK"
              >
                Auckland
              </td>
              <td
                class="sc-iBPRYJ cegtNK"
              >
                05
              </td>
              <td
                class="sc-iBPRYJ cegtNK"
              >
                2016
              </td>
              <td
                class="sc-iBPRYJ cegtNK"
              >
                26
              </td>
            </tr>
            <tr
              class="sc-fubCfw fcgAGD"
            >
              <td
                class="sc-iBPRYJ cegtNK"
              >
                New Zealand
              </td>
              <td
                class="sc-iBPRYJ cegtNK"
              >
                Christchurch
              </td>
              <td
                class="sc-iBPRYJ cegtNK"
              >
                06
              </td>
              <td
                class="sc-iBPRYJ cegtNK"
              >
                2015
              </td>
              <td
                class="sc-iBPRYJ cegtNK"
              >
                5
              </td>
            </tr>
            <tr
              class="sc-fubCfw fcgAGD"
            >
              <td
                class="sc-iBPRYJ cegtNK"
              >
                New Zealand
              </td>
              <td
                class="sc-iBPRYJ cegtNK"
              >
                Christchurch
              </td>
              <td
                class="sc-iBPRYJ cegtNK"
              >
                06
              </td>
              <td
                class="sc-iBPRYJ cegtNK"
              >
                2016
              </td>
              <td
                class="sc-iBPRYJ cegtNK"
              >
                2
              </td>
            </tr>
            <tr
              class="sc-fubCfw fcgAGD"
            >
              <td
                class="sc-iBPRYJ cegtNK"
              >
                New Zealand
              </td>
              <td
                class="sc-iBPRYJ cegtNK"
              >
                Christchurch
              </td>
              <td
                class="sc-iBPRYJ cegtNK"
              >
                06
              </td>
              <td
                class="sc-iBPRYJ cegtNK"
              >
                2016
              </td>
              <td
                class="sc-iBPRYJ cegtNK"
              >
                8
              </td>
            </tr>
            <tr
              class="sc-fubCfw fcgAGD"
            >
              <td
                class="sc-iBPRYJ cegtNK"
              >
                New Zealand
              </td>
              <td
                class="sc-iBPRYJ cegtNK"
              >
                Christchurch
              </td>
              <td
                class="sc-iBPRYJ cegtNK"
              >
                05
              </td>
              <td
                class="sc-iBPRYJ cegtNK"
              >
                2016
              </td>
              <td
                class="sc-iBPRYJ cegtNK"
              >
                15
              </td>
            </tr>
            <tr
              class="sc-fubCfw fcgAGD"
            >
              <td
                class="sc-iBPRYJ cegtNK"
              >
                New Zealand
              </td>
              <td
                class="sc-iBPRYJ cegtNK"
              >
                Christchurch
              </td>
              <td
                class="sc-iBPRYJ cegtNK"
              >
                05
              </td>
              <td
                class="sc-iBPRYJ cegtNK"
              >
                2016
              </td>
              <td
                class="sc-iBPRYJ cegtNK"
              >
                25
              </td>
            </tr>
            <tr
              class="sc-fubCfw fcgAGD"
            >
              <td
                class="sc-iBPRYJ cegtNK"
              >
                New Zealand
              </td>
              <td
                class="sc-iBPRYJ cegtNK"
              >
                Christchurch
              </td>
              <td
                class="sc-iBPRYJ cegtNK"
              >
                05
              </td>
              <td
                class="sc-iBPRYJ cegtNK"
              >
                2015
              </td>
              <td
                class="sc-iBPRYJ cegtNK"
              >
                18
              </td>
            </tr>
            <tr
              class="sc-fubCfw fcgAGD"
            >
              <td
                class="sc-iBPRYJ cegtNK"
              >
                New Zealand
              </td>
              <td
                class="sc-iBPRYJ cegtNK"
              >
                Christchurch
              </td>
              <td
                class="sc-iBPRYJ cegtNK"
              >
                04
              </td>
              <td
                class="sc-iBPRYJ cegtNK"
              >
                2015
              </td>
              <td
                class="sc-iBPRYJ cegtNK"
              >
                22
              </td>
            </tr>
            <tr
              class="sc-fubCfw fcgAGD"
            >
              <td
                class="sc-iBPRYJ cegtNK"
              >
                New Zealand
              </td>
              <td
                class="sc-iBPRYJ cegtNK"
              >
                Wellington
              </td>
              <td
                class="sc-iBPRYJ cegtNK"
              >
                05
              </td>
              <td
                class="sc-iBPRYJ cegtNK"
              >
                2015
              </td>
              <td
                class="sc-iBPRYJ cegtNK"
              >
                12
              </td>
            </tr>
            <tr
              class="sc-fubCfw fcgAGD"
            >
              <td
                class="sc-iBPRYJ cegtNK"
              >
                New Zealand
              </td>
              <td
                class="sc-iBPRYJ cegtNK"
              >
                Wellington
              </td>
              <td
                class="sc-iBPRYJ cegtNK"
              >
                06
              </td>
              <td
                class="sc-iBPRYJ cegtNK"
              >
                2015
              </td>
              <td
                class="sc-iBPRYJ cegtNK"
              >
                5
              </td>
            </tr>
            <tr
              class="sc-fubCfw fcgAGD"
            >
              <td
                class="sc-iBPRYJ cegtNK"
              >
                New Zealand
              </td>
              <td
                class="sc-iBPRYJ cegtNK"
              >
                Wellington
              </td>
              <td
                class="sc-iBPRYJ cegtNK"
              >
                06
              </td>
              <td
                class="sc-iBPRYJ cegtNK"
              >
                2015
              </td>
              <td
                class="sc-iBPRYJ cegtNK"
              >
                -4
              </td>
            </tr>
            <tr
              class="sc-fubCfw fcgAGD"
            >
              <td
                class="sc-iBPRYJ cegtNK"
              >
                New Zealand
              </td>
              <td
                class="sc-iBPRYJ cegtNK"
              >
                Wellington
              </td>
              <td
                class="sc-iBPRYJ cegtNK"
              >
                05
              </td>
              <td
                class="sc-iBPRYJ cegtNK"
              >
                2016
              </td>
              <td
                class="sc-iBPRYJ cegtNK"
              >
                15
              </td>
            </tr>
            <tr
              class="sc-fubCfw fcgAGD"
            >
              <td
                class="sc-iBPRYJ cegtNK"
              >
                New Zealand
              </td>
              <td
                class="sc-iBPRYJ cegtNK"
              >
                Queenstown
              </td>
              <td
                class="sc-iBPRYJ cegtNK"
              >
                05
              </td>
              <td
                class="sc-iBPRYJ cegtNK"
              >
                2015
              </td>
              <td
                class="sc-iBPRYJ cegtNK"
              >
                25
              </td>
            </tr>
            <tr
              class="sc-fubCfw fcgAGD"
            >
              <td
                class="sc-iBPRYJ cegtNK"
              >
                New Zealand
              </td>
              <td
                class="sc-iBPRYJ cegtNK"
              >
                Queenstown
              </td>
              <td
                class="sc-iBPRYJ cegtNK"
              >
                06
              </td>
              <td
                class="sc-iBPRYJ cegtNK"
              >
                2016
              </td>
              <td
                class="sc-iBPRYJ cegtNK"
              >
                2
              </td>
            </tr>
            <tr
              class="sc-fubCfw fcgAGD"
            >
              <td
                class="sc-iBPRYJ cegtNK"
              >
                New Zealand
              </td>
              <td
                class="sc-iBPRYJ cegtNK"
              >
                Queenstown
              </td>
              <td
                class="sc-iBPRYJ cegtNK"
              >
                06
              </td>
              <td
                class="sc-iBPRYJ cegtNK"
              >
                2016
              </td>
              <td
                class="sc-iBPRYJ cegtNK"
              >
                5
              </td>
            </tr>
          </tbody>
        </table>
      </div>
    </div>
    <div
      class="sc-gsTCUz jDJSDK"
    >
      <table
        class="sc-jSgupP fhZUik"
      >
        <thead
          class="sc-jrAGrp"
        >
          <tr
            class="sc-fubCfw fcgAGD"
          >
            <th
              class="sc-gKsewC lhzegC"
            >
              Country
            </th>
            <th
              class="sc-gKsewC lhzegC"
            >
              Year
            </th>
            <th
              class="sc-gKsewC lhzegC"
            >
              Max Temp
            </th>
            <th
              class="sc-gKsewC lhzegC"
            >
              Min Temp
            </th>
            <th
              class="sc-gKsewC lhzegC"
            >
              Average Temp
            </th>
          </tr>
        </thead>
        <tbody
          class="sc-pFZIQ iZDExP"
        >
          <tr
            class="sc-fubCfw fcgAGD"
          >
            <td
              class="sc-iBPRYJ cegtNK"
            >
              Australia
            </td>
            <td
              class="sc-iBPRYJ cegtNK"
            >
              2015
            </td>
            <td
              class="sc-iBPRYJ cegtNK"
            >
              38
            </td>
            <td
              class="sc-iBPRYJ cegtNK"
            >
              5
            </td>
            <td
              class="sc-iBPRYJ cegtNK"
            >
              20.00
            </td>
          </tr>
          <tr
            class="sc-fubCfw fcgAGD"
          >
            <td
              class="sc-iBPRYJ cegtNK"
            >
              Australia
            </td>
            <td
              class="sc-iBPRYJ cegtNK"
            >
              2016
            </td>
            <td
              class="sc-iBPRYJ cegtNK"
            >
              35
            </td>
            <td
              class="sc-iBPRYJ cegtNK"
            >
              5
            </td>
            <td
              class="sc-iBPRYJ cegtNK"
            >
              17.00
            </td>
          </tr>
          <tr
            class="sc-fubCfw fcgAGD"
          >
            <td
              class="sc-iBPRYJ cegtNK"
            >
              New Zealand
            </td>
            <td
              class="sc-iBPRYJ cegtNK"
            >
              2015
            </td>
            <td
              class="sc-iBPRYJ cegtNK"
            >
              29
            </td>
            <td
              class="sc-iBPRYJ cegtNK"
            >
              -4
            </td>
            <td
              class="sc-iBPRYJ cegtNK"
            >
              14.00
            </td>
          </tr>
          <tr
            class="sc-fubCfw fcgAGD"
          >
            <td
              class="sc-iBPRYJ cegtNK"
            >
              New Zealand
            </td>
            <td
              class="sc-iBPRYJ cegtNK"
            >
              2016
            </td>
            <td
              class="sc-iBPRYJ cegtNK"
            >
              27
            </td>
            <td
              class="sc-iBPRYJ cegtNK"
            >
              2
            </td>
            <td
              class="sc-iBPRYJ cegtNK"
            >
              15.00
            </td>
          </tr>
        </tbody>
      </table>
    </div>
  </div>
</div>
`;
